[www.thehandcarry.co.in/index.html]
[backblue.gif]
[fade.gif]
[index.html]
[www.thehandcarry.co.in/img/logo.png]
[www.thehandcarry.co.in/become-an-obc.html]
[www.thehandcarry.co.in/about-us.html]
[www.thehandcarry.co.in/onboard-courier-services.html]
[www.thehandcarry.co.in/importer-of-record-services.html]
[www.thehandcarry.co.in/dedicated-ground-services.html]
[www.thehandcarry.co.in/next-flight-out-services.html]
[www.thehandcarry.co.in/suppliers.html]
[www.thehandcarry.co.in/industries.html]
[www.thehandcarry.co.in/contact-us.html]
[www.thehandcarry.co.in/media/main-slider/1.jpg]
[www.thehandcarry.co.in/media/main-slider/2.jpg]
[www.thehandcarry.co.in/media/main-slider/3.jpg]
[www.thehandcarry.co.in/importer-on-record-services.10.delayed]
[www.thehandcarry.co.in/media/bg/1.jpg]
[www.thehandcarry.co.in/media/bg/2.jpg]
[www.thehandcarry.co.in/media/bg/3.jpg]
[www.thehandcarry.co.in/img/whatsapp.png]
[www.thehandcarry.co.in/js/jquery-1.11.3.min.js]
[www.thehandcarry.co.in/js/jquery-ui.min.js]
[www.thehandcarry.co.in/js/bootstrap.min.js]
[www.thehandcarry.co.in/js/modernizr.custom.js]
[www.thehandcarry.co.in/assets/rendro-easy-pie-chart/dist/jquery.easypiechart.min.js]
[www.thehandcarry.co.in/js/waypoints.min.js]
[www.thehandcarry.co.in/js/jquery.easypiechart.min.js]
[www.thehandcarry.co.in/assets/loader/js/classie.js]
[www.thehandcarry.co.in/assets/loader/js/pathLoader.js]
[www.thehandcarry.co.in/assets/loader/js/main.js]
[www.thehandcarry.co.in/js/classie.js]
[www.thehandcarry.co.in/assets/owl-carousel/owl.carousel.min.js]
[www.thehandcarry.co.in/assets/isotope/jquery.isotope.min.js]
[www.thehandcarry.co.in/js/jquery.smooth-scroll.js]
[www.thehandcarry.co.in/js/wow.min.js]
[www.thehandcarry.co.in/js/jquery.placeholder.min.js]
[www.thehandcarry.co.in/js/smoothscroll.min.js]
[www.thehandcarry.co.in/js/theme.js]
[www.thehandcarry.co.in/index.html]
[www.googletagmanager.com/gtm5445.html]
[www.thehandcarry.co.in/css/master.css]
[www.thehandcarry.co.in/assets/switcher/css/color1.css]
[www.thehandcarry.co.in/img/form-bg.jpg]
[www.thehandcarry.co.in/become-an-obc.html]
[www.thehandcarry.co.in/media/bg/about-v.jpg]
[www.thehandcarry.co.in/media/bg/mission.jpg]
[www.thehandcarry.co.in/media/bg/vission.jpg]
[www.thehandcarry.co.in/media/bg/team-i.jpg]
[www.thehandcarry.co.in/about-us.html]
[www.thehandcarry.co.in/thehandcarry_brochure.pdf]
[www.thehandcarry.co.in/media/bg/obc.jpg]
[www.thehandcarry.co.in/media/bg/what.jpg]
[www.thehandcarry.co.in/media/bg/why.jpg]
[www.thehandcarry.co.in/onboard-courier-services.html]
[www.thehandcarry.co.in/media/bg/ior.jpg]
[www.thehandcarry.co.in/importer-of-record-services.html]
[www.thehandcarry.co.in/media/bg/dg.jpg]
[www.thehandcarry.co.in/dedicated-ground-services.html]
[www.thehandcarry.co.in/next-fligh-out-services]
[www.thehandcarry.co.in/media/bg/nfo.jpg]
[www.thehandcarry.co.in/next-flight-out-services.html]
[www.thehandcarry.co.in/suppliers.html]
[www.thehandcarry.co.in/media/industries/1.jpg]
[www.thehandcarry.co.in/media/industries/2.jpg]
[www.thehandcarry.co.in/media/industries/3.jpg]
[www.thehandcarry.co.in/media/industries/4.jpg]
[www.thehandcarry.co.in/media/industries/5.jpg]
[www.thehandcarry.co.in/media/industries/6.jpg]
[www.thehandcarry.co.in/media/industries/7.jpg]
[www.thehandcarry.co.in/media/industries/8.jpg]
[www.thehandcarry.co.in/media/industries/9.jpg]
[www.thehandcarry.co.in/industries.html]
[www.thehandcarry.co.in/contact-us.html]
[www.thehandcarry.co.in/importer-on-record-services.html]
[www.thehandcarry.co.in/fonts/glyphicons-halflings-regular.eot]
[www.thehandcarry.co.in/fonts/glyphicons-halflings-regulard41d.eot]
[www.thehandcarry.co.in/fonts/glyphicons-halflings-regular.woff2]
[www.thehandcarry.co.in/fonts/glyphicons-halflings-regular.woff]
[www.thehandcarry.co.in/fonts/glyphicons-halflings-regular.ttf]
[www.thehandcarry.co.in/css/bootstrap.min.css]
[www.thehandcarry.co.in/css/skin-bootstrap.css]
[www.thehandcarry.co.in/fonts/fontawesome-webfont93e3.eot]
[www.thehandcarry.co.in/fonts/fontawesome-webfontd41d.eot]
[www.thehandcarry.co.in/fonts/fontawesome-webfont93e3.woff2]
[www.thehandcarry.co.in/fonts/fontawesome-webfont93e3.woff]
[www.thehandcarry.co.in/fonts/fontawesome-webfont93e3.ttf]
[www.thehandcarry.co.in/css/font-awesome.min.css]
[www.thehandcarry.co.in/img/footer-bg.png]
[www.thehandcarry.co.in/img/logo-footer.png]
[www.thehandcarry.co.in/css/theme.css]
[www.thehandcarry.co.in/css/responsive.css]
[www.thehandcarry.co.in/css/animate.css]
[www.thehandcarry.co.in/css/color.css]
[www.thehandcarry.co.in/fonts/flaticon/flaticon.eot]
[www.thehandcarry.co.in/fonts/flaticon/flaticon.woff]
[www.thehandcarry.co.in/fonts/flaticon/flaticon.ttf]
[www.thehandcarry.co.in/fonts/flaticon/flaticon.css]
[www.thehandcarry.co.in/assets/loader/img/browser.png]
[www.thehandcarry.co.in/assets/loader/css/loader.css]
[www.thehandcarry.co.in/assets/owl-carousel/grabbing.png]
[www.thehandcarry.co.in/assets/owl-carousel/owl.carousel.css]
[www.thehandcarry.co.in/assets/owl-carousel/AjaxLoader.gif]
[www.thehandcarry.co.in/assets/owl-carousel/owl.theme.css]
[www.thehandcarry.co.in/assets/isotope/isotope.css]
[www.thehandcarry.co.in/next-fligh-out-services.html]
[www.thehandcarry.co.in/fonts/glyphicons-halflings-regular.svg]
[www.thehandcarry.co.in/fonts/fontawesome-webfont93e3.svg]
[www.thehandcarry.co.in/img/logo-footer.html]
[www.thehandcarry.co.in/fonts/flaticon/flaticon.svg]
[www.thehandcarry.co.in/assets/loader/img/browser.html]
